#0 building with "desktop-linux" instance using docker driver

#1 [internal] load build definition from Dockerfile
#1 transferring dockerfile: 1.76kB done
#1 DONE 0.0s

#2 [auth] library/ubuntu:pull token for registry-1.docker.io
#2 DONE 0.0s

#3 [internal] load metadata for docker.io/library/ubuntu:20.04
#3 DONE 0.5s

#4 [internal] load .dockerignore
#4 transferring context: 2B done
#4 DONE 0.0s

#5 [ 1/16] FROM docker.io/library/ubuntu:20.04@sha256:8feb4d8ca5354def3d8fce243717141ce31e2c428701f6682bd2fafe15388214
#5 resolve docker.io/library/ubuntu:20.04@sha256:8feb4d8ca5354def3d8fce243717141ce31e2c428701f6682bd2fafe15388214 done
#5 DONE 0.0s

#6 [internal] load build context
#6 transferring context: 640B done
#6 DONE 0.0s

#7 [13/16] COPY etc_sudoers /etc/sudoers
#7 CACHED

#8 [ 3/16] RUN apt-get -y upgrade
#8 CACHED

#9 [14/16] COPY bashrc /root/.bashrc
#9 CACHED

#10 [11/16] RUN /install/install_jupyter_extensions.sh
#10 CACHED

#11 [ 2/16] RUN apt-get -y update
#11 CACHED

#12 [ 6/16] RUN python3 -m pip install --upgrade pip
#12 CACHED

#13 [ 5/16] RUN apt install -y --no-install-recommends     python3     python3-pip     python3-dev
#13 CACHED

#14 [ 9/16] ADD install_jupyter_extensions.sh /install
#14 CACHED

#15 [12/16] ADD etc_sudoers /install/
#15 CACHED

#16 [ 7/16] RUN pip3 install     ipython     tornado==6.1     jupyter-client==7.3.2     jupyter-contrib-core     jupyter-contrib-nbextensions     psycopg2-binary     yapf
#16 CACHED

#17 [10/16] RUN chmod +x /install/install_jupyter_extensions.sh
#17 CACHED

#18 [15/16] ADD version.sh /install/
#18 CACHED

#19 [ 4/16] RUN apt install -y --no-install-recommends     sudo     curl     systemctl     gnupg     git     vim
#19 CACHED

#20 [ 8/16] RUN mkdir /install
#20 CACHED

#21 [16/16] RUN /install/version.sh 2>&1 | tee version.log
#21 CACHED

#22 exporting to image
#22 exporting layers done
#22 exporting manifest sha256:cf4e30bcc3bd5714279b8ae933cb087765ff28c65f0af6115fb6f6e893ed2f0d done
#22 exporting config sha256:3e7d3dc363a70493c7547e73d1c70fb7e74567486661aff1612f8db808ce0442 done
#22 exporting attestation manifest sha256:295f3fd34198d756f45cf20f24f1f79b82a24dabda698e6b40e20a4d95393824 done
#22 exporting manifest list sha256:92dc7d5d567407154d43df5de0c78be50c7897f1db26f33a00f95ea88bd5e781 done
#22 naming to docker.io/umd_data605/umd_data605_template:latest done
#22 unpacking to docker.io/umd_data605/umd_data605_template:latest done
#22 DONE 0.0s

View build details: docker-desktop://dashboard/build/desktop-linux/desktop-linux/pv9kd2ezai4ur1vqtxrui69y1
