#0 building with "desktop-linux" instance using docker driver

#1 [internal] load build definition from Dockerfile
#1 transferring dockerfile: 1.35kB 0.0s done
#1 DONE 0.0s

#2 [internal] load metadata for docker.io/library/ubuntu:20.04
#2 DONE 0.3s

#3 [internal] load .dockerignore
#3 transferring context: 2B done
#3 DONE 0.0s

#4 [ 1/15] FROM docker.io/library/ubuntu:20.04@sha256:8feb4d8ca5354def3d8fce243717141ce31e2c428701f6682bd2fafe15388214
#4 DONE 0.0s

#5 [internal] load build context
#5 transferring context: 493B 0.0s done
#5 DONE 0.0s

#6 [ 2/15] RUN apt-get -y update
#6 CACHED

#7 [ 7/15] RUN pip3 install     ipython     tornado==6.1     jupyter-client==7.3.2     jupyter-contrib-core     jupyter-contrib-nbextensions     psycopg2-binary     yapf
#7 CACHED

#8 [ 4/15] RUN apt install -y --no-install-recommends     sudo     curl     systemctl     gnupg     git     vim
#8 CACHED

#9 [ 3/15] RUN apt-get -y upgrade
#9 CACHED

#10 [ 5/15] RUN apt install -y --no-install-recommends     python3     python3-pip     python3-dev
#10 CACHED

#11 [ 6/15] RUN python3 -m pip install --upgrade pip
#11 CACHED

#12 [ 8/15] RUN mkdir /install
#12 CACHED

#13 [ 9/15] ADD install_jupyter_extensions.sh /install
#13 CACHED

#14 [10/15] RUN /install/install_jupyter_extensions.sh
#14 0.405 /install/install_jupyter_extensions.sh: 1: ../../../../../docker_common/install_jupyter_extensions.sh: not found
#14 ERROR: process "/bin/sh -c /install/install_jupyter_extensions.sh" did not complete successfully: exit code: 127
------
 > [10/15] RUN /install/install_jupyter_extensions.sh:
0.405 /install/install_jupyter_extensions.sh: 1: ../../../../../docker_common/install_jupyter_extensions.sh: not found
------
Dockerfile:43
--------------------
  41 |     # Install Jupyter extensions.
  42 |     ADD install_jupyter_extensions.sh /install
  43 | >>> RUN /install/install_jupyter_extensions.sh
  44 |     
  45 |     # Config.
--------------------
ERROR: failed to solve: process "/bin/sh -c /install/install_jupyter_extensions.sh" did not complete successfully: exit code: 127

View build details: docker-desktop://dashboard/build/desktop-linux/desktop-linux/jkn9366mvg74wdk12nadvko4f
