#0 building with "default" instance using docker driver

#1 [internal] load build definition from Dockerfile
#1 transferring dockerfile: 1.40kB done
#1 DONE 0.0s

#2 [internal] load metadata for docker.io/library/ubuntu:20.04
#2 DONE 1.3s

#3 [internal] load .dockerignore
#3 transferring context: 2B done
#3 DONE 0.0s

#4 [ 1/17] FROM docker.io/library/ubuntu:20.04@sha256:8feb4d8ca5354def3d8fce243717141ce31e2c428701f6682bd2fafe15388214
#4 DONE 0.0s

#5 [internal] load build context
#5 transferring context: 2.49kB 0.0s done
#5 DONE 0.0s

#6 [ 5/17] RUN apt install -y --no-install-recommends     python3     python3-pip     python3-dev
#6 CACHED

#7 [ 2/17] RUN apt-get -y update
#7 CACHED

#8 [10/17] RUN pip3 install -r /install/requirements.txt
#8 CACHED

#9 [ 6/17] RUN python3 -m pip install --upgrade pip
#9 CACHED

#10 [ 3/17] RUN apt-get -y upgrade
#10 CACHED

#11 [ 7/17] RUN pip3 install     ipython     tornado==6.1     jupyter-client==7.3.2     jupyter-contrib-core     jupyter-contrib-nbextensions     psycopg2-binary     yapf
#11 CACHED

#12 [ 8/17] RUN mkdir /install
#12 CACHED

#13 [12/17] RUN /install/install_jupyter_extensions.sh
#13 CACHED

#14 [ 9/17] ADD requirements.txt /install
#14 CACHED

#15 [ 4/17] RUN apt install -y --no-install-recommends     sudo     curl     systemctl     gnupg     git     vim
#15 CACHED

#16 [11/17] ADD install_jupyter_extensions.sh /install
#16 CACHED

#17 [16/17] ADD version.sh /install/
#17 CACHED

#18 [15/17] COPY bashrc /root/.bashrc
#18 CACHED

#19 [14/17] COPY etc_sudoers /etc/sudoers
#19 CACHED

#20 [13/17] ADD etc_sudoers /install/
#20 CACHED

#21 [17/17] RUN /install/version.sh 2>&1 | tee version.log
#21 CACHED

#22 exporting to image
#22 exporting layers done
#22 writing image sha256:8c9df9f787ce90d854eca15a2b2d080ac7abbf7a8592d86c7e67f032aa3faed5 done
#22 naming to docker.io/umd_data605/umd_data605_template done
#22 DONE 0.0s
