#0 building with "desktop-linux" instance using docker driver

#1 [internal] load build definition from Dockerfile
#1 transferring dockerfile: 1.33kB done
#1 DONE 0.0s

#2 [internal] load metadata for docker.io/library/ubuntu:20.04
#2 DONE 0.3s

#3 [auth] library/ubuntu:pull token for registry-1.docker.io
#3 DONE 0.0s

#4 [internal] load .dockerignore
#4 transferring context: 2B done
#4 DONE 0.0s

#5 [ 1/15] FROM docker.io/library/ubuntu:20.04@sha256:8feb4d8ca5354def3d8fce243717141ce31e2c428701f6682bd2fafe15388214
#5 resolve docker.io/library/ubuntu:20.04@sha256:8feb4d8ca5354def3d8fce243717141ce31e2c428701f6682bd2fafe15388214 done
#5 DONE 0.0s

#6 [internal] load build context
#6 transferring context: 2.56kB done
#6 DONE 0.0s

#7 [12/15] COPY etc_sudoers /etc/sudoers
#7 CACHED

#8 [ 3/15] RUN apt-get -y upgrade
#8 CACHED

#9 [13/15] COPY bashrc /root/.bashrc
#9 CACHED

#10 [14/15] ADD version.sh /install/
#10 CACHED

#11 [11/15] ADD etc_sudoers /install/
#11 CACHED

#12 [ 6/15] RUN python3 -m pip install --upgrade pip
#12 CACHED

#13 [ 4/15] RUN apt install -y --no-install-recommends     sudo     curl     systemctl     gnupg     git     vim
#13 CACHED

#14 [ 7/15] RUN pip3 install     ipython     tornado==6.1     jupyter-client==7.3.2     jupyter-contrib-core     jupyter-contrib-nbextensions     psycopg2-binary     yapf
#14 CACHED

#15 [ 9/15] ADD install_jupyter_extensions.sh /install
#15 CACHED

#16 [ 2/15] RUN apt-get -y update
#16 CACHED

#17 [10/15] RUN /install/install_jupyter_extensions.sh
#17 CACHED

#18 [ 5/15] RUN apt install -y --no-install-recommends     python3     python3-pip     python3-dev
#18 CACHED

#19 [ 8/15] RUN mkdir /install
#19 CACHED

#20 [15/15] RUN /install/version.sh 2>&1 | tee version.log
#20 CACHED

#21 exporting to image
#21 exporting layers done
#21 exporting manifest sha256:b983bfd3f9cd937952275985e2a49d29b91469f066ff5e3f7945b3efdf033c6b done
#21 exporting config sha256:4f6b0f09c88a9ef63a124ac8702eb4b529b2cebf5ffbe822b884669466f58d2f done
#21 exporting attestation manifest sha256:92ac1c0030b2d9ff04c02569f331b0f2bfdb8a82c2a8e798ca17d487074bb376 done
#21 exporting manifest list sha256:023bfbfdfe78ab13fc85516bafcd739f8df95a14de358ed1fd83d810d5ecfad9 done
#21 naming to docker.io/umd_data605/umd_data605_template:latest done
#21 unpacking to docker.io/umd_data605/umd_data605_template:latest done
#21 DONE 0.0s

View build details: docker-desktop://dashboard/build/desktop-linux/desktop-linux/hgmltv6c4n80mtm65p7iyca9o
