#0 building with "desktop-linux" instance using docker driver

#1 [internal] load build definition from Dockerfile
#1 transferring dockerfile: 1.36kB done
#1 DONE 0.0s

#2 [internal] load metadata for docker.io/library/ubuntu:20.04
#2 DONE 0.3s

#3 [internal] load .dockerignore
#3 transferring context: 2B done
#3 DONE 0.0s

#4 [internal] load build context
#4 transferring context: 2.56kB done
#4 DONE 0.0s

#5 [10/16] RUN /install/install_jupyter_extensions.sh
#5 CACHED

#6 [ 5/16] RUN apt install -y --no-install-recommends     python3     python3-pip     python3-dev
#6 CACHED

#7 [13/16] COPY bashrc /root/.bashrc
#7 CACHED

#8 [ 3/16] RUN apt-get -y upgrade
#8 CACHED

#9 [ 7/16] RUN pip3 install     ipython     tornado==6.1     jupyter-client==7.3.2     jupyter-contrib-core     jupyter-contrib-nbextensions     psycopg2-binary     yapf     websockets
#9 CACHED

#10 [ 4/16] RUN apt install -y --no-install-recommends     sudo     curl     systemctl     gnupg     git     vim
#10 CACHED

#11 [ 8/16] RUN mkdir /install
#11 CACHED

#12 [ 2/16] RUN apt-get -y update
#12 CACHED

#13 [14/16] ADD version.sh /install/
#13 CACHED

#14 [15/16] RUN /install/version.sh 2>&1 | tee version.log
#14 CACHED

#15 [ 9/16] ADD install_jupyter_extensions.sh /install
#15 CACHED

#16 [11/16] ADD etc_sudoers /install/
#16 CACHED

#17 [12/16] COPY etc_sudoers /etc/sudoers
#17 CACHED

#18 [ 6/16] RUN python3 -m pip install --upgrade pip
#18 CACHED

#19 [16/16] COPY app/ ./app/
#19 ERROR: failed to calculate checksum of ref fyutl0hgf3vlv2w843xztvsy7::mkos1vsitdgjp1s7gqjps2f82: "/app": not found

#20 [ 1/16] FROM docker.io/library/ubuntu:20.04@sha256:8feb4d8ca5354def3d8fce243717141ce31e2c428701f6682bd2fafe15388214
#20 resolve docker.io/library/ubuntu:20.04@sha256:8feb4d8ca5354def3d8fce243717141ce31e2c428701f6682bd2fafe15388214 done
#20 CANCELED
------
 > [16/16] COPY app/ ./app/:
------
Dockerfile:55
--------------------
  53 |     RUN /install/version.sh 2>&1 | tee version.log
  54 |     
  55 | >>> COPY app/ ./app/
  56 |     
  57 |     # Jupyter.
--------------------
ERROR: failed to solve: failed to compute cache key: failed to calculate checksum of ref fyutl0hgf3vlv2w843xztvsy7::mkos1vsitdgjp1s7gqjps2f82: "/app": not found
