#0 building with "default" instance using docker driver

#1 [internal] load build definition from Dockerfile
#1 transferring dockerfile: 1.39kB done
#1 DONE 0.0s

#2 [internal] load metadata for docker.io/library/ubuntu:20.04
#2 DONE 0.4s

#3 [internal] load .dockerignore
#3 transferring context: 2B done
#3 DONE 0.0s

#4 [ 1/13] FROM docker.io/library/ubuntu:20.04@sha256:8feb4d8ca5354def3d8fce243717141ce31e2c428701f6682bd2fafe15388214
#4 DONE 0.0s

#5 [internal] load build context
#5 transferring context: 2.69kB done
#5 DONE 0.0s

#6 [ 7/13] COPY install_jupyter_extensions.sh /install/
#6 CACHED

#7 [10/13] COPY bashrc /root/.bashrc
#7 CACHED

#8 [12/13] RUN chmod +x /install/version.sh && /install/version.sh 2>&1 | tee /install/version.log
#8 CACHED

#9 [ 2/13] RUN apt-get -y update && apt-get -y upgrade
#9 CACHED

#10 [ 4/13] RUN python3 -m pip install --upgrade pip
#10 CACHED

#11 [ 9/13] COPY etc_sudoers /etc/sudoers
#11 CACHED

#12 [ 5/13] COPY requirements.txt /install/requirements.txt
#12 CACHED

#13 [11/13] COPY version.sh /install/
#13 CACHED

#14 [ 3/13] RUN apt-get install -y --no-install-recommends     sudo     curl     gnupg     git     vim     python3     python3-pip     python3-dev     build-essential     libatlas-base-dev     libffi-dev     libssl-dev     libpq-dev
#14 CACHED

#15 [ 6/13] RUN pip3 install -r /install/requirements.txt
#15 CACHED

#16 [ 8/13] RUN chmod +x /install/install_jupyter_extensions.sh && /install/install_jupyter_extensions.sh || true
#16 CACHED

#17 [13/13] WORKDIR /data
#17 CACHED

#18 exporting to image
#18 exporting layers done
#18 writing image sha256:6439b49bf694085de7c1c94493b3a1aedd1e778d6e4b0817601e54b719987f75 done
#18 naming to docker.io/umd_data605/umd_data605_real_time_bitcoin_price_analysis_with_tensorflow done
#18 DONE 0.0s
