#0 building with "desktop-linux" instance using docker driver

#1 [internal] load build definition from Dockerfile
#1 transferring dockerfile: 1.35kB done
#1 DONE 0.0s

#2 [internal] load metadata for docker.io/library/ubuntu:20.04
#2 DONE 0.2s

#3 [internal] load .dockerignore
#3 transferring context: 2B done
#3 DONE 0.0s

#4 [ 1/15] FROM docker.io/library/ubuntu:20.04@sha256:8feb4d8ca5354def3d8fce243717141ce31e2c428701f6682bd2fafe15388214
#4 resolve docker.io/library/ubuntu:20.04@sha256:8feb4d8ca5354def3d8fce243717141ce31e2c428701f6682bd2fafe15388214 0.0s done
#4 DONE 0.0s

#5 [internal] load build context
#5 transferring context: 62B done
#5 DONE 0.0s

#6 [ 8/15] RUN mkdir /install
#6 CACHED

#7 [ 6/15] RUN python3 -m pip install --upgrade pip
#7 CACHED

#8 [ 7/15] RUN pip3 install     ipython     tornado==6.1     jupyter-client==7.3.2     jupyter-contrib-core     jupyter-contrib-nbextensions     psycopg2-binary     yapf
#8 CACHED

#9 [ 4/15] RUN apt install -y --no-install-recommends     sudo     curl     systemctl     gnupg     git     vim
#9 CACHED

#10 [ 5/15] RUN apt install -y --no-install-recommends     python3     python3-pip     python3-dev
#10 CACHED

#11 [10/15] RUN /install/install_jupyter_extensions.sh
#11 CACHED

#12 [ 2/15] RUN apt-get -y update
#12 CACHED

#13 [ 3/15] RUN apt-get -y upgrade
#13 CACHED

#14 [11/15] ADD etc_sudoers /install/
#14 ERROR: failed to calculate checksum of ref rogan1mmnq6r5shguein389hp::2sxoeg8xm864ujeg3eyqjle7u: "/etc_sudoers": not found

#15 [ 9/15] ADD install_jupyter_extensions.sh /install
#15 ERROR: failed to calculate checksum of ref rogan1mmnq6r5shguein389hp::2sxoeg8xm864ujeg3eyqjle7u: "/install_jupyter_extensions.sh": not found

#16 [12/15] COPY etc_sudoers /etc/sudoers
#16 ERROR: failed to calculate checksum of ref rogan1mmnq6r5shguein389hp::2sxoeg8xm864ujeg3eyqjle7u: "/etc_sudoers": not found

#17 [13/15] COPY bashrc /root/.bashrc
#17 CACHED

#18 [14/15] ADD version.sh /install/
#18 ERROR: failed to calculate checksum of ref rogan1mmnq6r5shguein389hp::2sxoeg8xm864ujeg3eyqjle7u: "/version.sh": not found
------
 > [ 9/15] ADD install_jupyter_extensions.sh /install:
------
------
 > [11/15] ADD etc_sudoers /install/:
------
------
 > [12/15] COPY etc_sudoers /etc/sudoers:
------
------
 > [14/15] ADD version.sh /install/:
------
Dockerfile:46
--------------------
  44 |     
  45 |     # Config.
  46 | >>> ADD etc_sudoers /install/
  47 |     COPY etc_sudoers /etc/sudoers
  48 |     COPY bashrc /root/.bashrc
--------------------
ERROR: failed to solve: failed to compute cache key: failed to calculate checksum of ref rogan1mmnq6r5shguein389hp::2sxoeg8xm864ujeg3eyqjle7u: "/etc_sudoers": not found
