#0 building with "desktop-linux" instance using docker driver

#1 [internal] load build definition from Dockerfile
#1 transferring dockerfile: 1.46kB done
#1 DONE 0.0s

#2 [internal] load metadata for docker.io/library/ubuntu:20.04
#2 DONE 0.0s

#3 [internal] load .dockerignore
#3 transferring context: 2B done
#3 DONE 0.0s

#4 [ 1/15] FROM docker.io/library/ubuntu:20.04
#4 DONE 0.0s

#5 [ 2/15] RUN apt-get -y update
#5 CACHED

#6 [ 3/15] RUN apt-get -y upgrade
#6 CACHED

#7 [ 4/15] RUN apt install -y --no-install-recommends     sudo     curl     systemctl     gnupg     git     vim
#7 CACHED

#8 [ 5/15] RUN apt install -y --no-install-recommends     python3     python3-pip     python3-dev
#8 CACHED

#9 [ 6/15] RUN python3 -m pip install --upgrade pip
#9 CACHED

#10 [internal] load build context
#10 transferring context: 2.42kB done
#10 DONE 0.0s

#11 [ 7/15] RUN pip3 install     ipython     tornado==6.1     jupyter-client==7.3.2     jupyter-contrib-core     jupyter-contrib-nbextensions     psycopg2-binary     yapf     requests==2.32.3     pandas     numpy     loguru==0.7.3     gensim==4.3.3     scikit-learn     seaborn==0.13.2     matplotlib     networkx==3.4.2
#11 0.420 Collecting ipython
#11 0.552   Downloading ipython-8.12.3-py3-none-any.whl.metadata (5.7 kB)
#11 0.651 Collecting tornado==6.1
#11 0.713   Downloading tornado-6.1-cp38-cp38-manylinux2014_aarch64.whl.metadata (2.4 kB)
#11 0.770 Collecting jupyter-client==7.3.2
#11 0.829   Downloading jupyter_client-7.3.2-py3-none-any.whl.metadata (8.5 kB)
#11 0.892 Collecting jupyter-contrib-core
#11 0.929   Downloading jupyter_contrib_core-0.4.2.tar.gz (17 kB)
#11 0.945   Preparing metadata (setup.py): started
#11 1.032   Preparing metadata (setup.py): finished with status 'done'
#11 1.062 Collecting jupyter-contrib-nbextensions
#11 1.110   Downloading jupyter_contrib_nbextensions-0.7.0.tar.gz (23.5 MB)
#11 4.833      ━━━━━━━━━━━━━━━━━━━━━━━━━━━━━━━━━━━━━━━━ 23.5/23.5 MB 6.4 MB/s eta 0:00:00
#11 5.085   Preparing metadata (setup.py): started
#11 5.155   Preparing metadata (setup.py): finished with status 'done'
#11 5.271 Collecting psycopg2-binary
#11 5.298   Downloading psycopg2_binary-2.9.10-cp38-cp38-manylinux_2_17_aarch64.manylinux2014_aarch64.whl.metadata (4.9 kB)
#11 5.354 Collecting yapf
#11 5.394   Downloading yapf-0.43.0-py3-none-any.whl.metadata (46 kB)
#11 5.512 Collecting requests==2.32.3
#11 5.560   Downloading requests-2.32.3-py3-none-any.whl.metadata (4.6 kB)
#11 5.693 Collecting pandas
#11 5.742   Downloading pandas-2.0.3-cp38-cp38-manylinux_2_17_aarch64.manylinux2014_aarch64.whl.metadata (18 kB)
#11 5.878 Collecting numpy
#11 5.912   Downloading numpy-1.24.4-cp38-cp38-manylinux_2_17_aarch64.manylinux2014_aarch64.whl.metadata (5.6 kB)
#11 5.968 Collecting loguru==0.7.3
#11 5.990   Downloading loguru-0.7.3-py3-none-any.whl.metadata (22 kB)
#11 6.067 Collecting gensim==4.3.3
#11 6.095   Downloading gensim-4.3.3-cp38-cp38-manylinux_2_17_aarch64.manylinux2014_aarch64.whl.metadata (8.3 kB)
#11 6.193 Collecting scikit-learn
#11 6.221   Downloading scikit_learn-1.3.2-cp38-cp38-manylinux_2_17_aarch64.manylinux2014_aarch64.whl.metadata (11 kB)
#11 6.262 Collecting seaborn==0.13.2
#11 6.299   Downloading seaborn-0.13.2-py3-none-any.whl.metadata (5.4 kB)
#11 6.400 Collecting matplotlib
#11 6.438   Downloading matplotlib-3.7.5-cp38-cp38-manylinux_2_17_aarch64.manylinux2014_aarch64.whl.metadata (5.7 kB)
#11 6.493 ERROR: Ignored the following yanked versions: 2.6, 2.6.1
#11 6.493 ERROR: Could not find a version that satisfies the requirement networkx==3.4.2 (from versions: 0.34, 0.35, 0.35.1, 0.36, 0.37, 0.99, 1.0rc1, 1.0, 1.0.1, 1.1, 1.2rc1, 1.2, 1.3rc1, 1.3, 1.4rc1, 1.4, 1.5rc1, 1.5, 1.6rc1, 1.6, 1.7rc1, 1.7, 1.8rc1, 1.8, 1.8.1, 1.9rc1, 1.9, 1.9.1, 1.10rc2, 1.10, 1.11rc1, 1.11rc2, 1.11, 2.0, 2.1, 2.2rc1, 2.2, 2.3rc3, 2.3rc4, 2.3, 2.4rc1, 2.4rc2, 2.4, 2.5rc1, 2.5, 2.5.1, 2.6rc1, 2.6rc2, 2.6.2, 2.6.3, 2.7rc1, 2.7, 2.7.1, 2.8rc1, 2.8, 2.8.1rc1, 2.8.1, 2.8.2, 2.8.3, 2.8.4, 2.8.5, 2.8.6, 2.8.7, 2.8.8, 3.0b1, 3.0rc1, 3.0, 3.1rc0, 3.1)
#11 6.639 ERROR: No matching distribution found for networkx==3.4.2
#11 ERROR: process "/bin/sh -c pip3 install     ipython     tornado==6.1     jupyter-client==7.3.2     jupyter-contrib-core     jupyter-contrib-nbextensions     psycopg2-binary     yapf     requests==2.32.3     pandas     numpy     loguru==0.7.3     gensim==4.3.3     scikit-learn     seaborn==0.13.2     matplotlib     networkx==3.4.2" did not complete successfully: exit code: 1
------
 > [ 7/15] RUN pip3 install     ipython     tornado==6.1     jupyter-client==7.3.2     jupyter-contrib-core     jupyter-contrib-nbextensions     psycopg2-binary     yapf     requests==2.32.3     pandas     numpy     loguru==0.7.3     gensim==4.3.3     scikit-learn     seaborn==0.13.2     matplotlib     networkx==3.4.2:
6.095   Downloading gensim-4.3.3-cp38-cp38-manylinux_2_17_aarch64.manylinux2014_aarch64.whl.metadata (8.3 kB)
6.193 Collecting scikit-learn
6.221   Downloading scikit_learn-1.3.2-cp38-cp38-manylinux_2_17_aarch64.manylinux2014_aarch64.whl.metadata (11 kB)
6.262 Collecting seaborn==0.13.2
6.299   Downloading seaborn-0.13.2-py3-none-any.whl.metadata (5.4 kB)
6.400 Collecting matplotlib
6.438   Downloading matplotlib-3.7.5-cp38-cp38-manylinux_2_17_aarch64.manylinux2014_aarch64.whl.metadata (5.7 kB)
6.493 ERROR: Ignored the following yanked versions: 2.6, 2.6.1
6.493 ERROR: Could not find a version that satisfies the requirement networkx==3.4.2 (from versions: 0.34, 0.35, 0.35.1, 0.36, 0.37, 0.99, 1.0rc1, 1.0, 1.0.1, 1.1, 1.2rc1, 1.2, 1.3rc1, 1.3, 1.4rc1, 1.4, 1.5rc1, 1.5, 1.6rc1, 1.6, 1.7rc1, 1.7, 1.8rc1, 1.8, 1.8.1, 1.9rc1, 1.9, 1.9.1, 1.10rc2, 1.10, 1.11rc1, 1.11rc2, 1.11, 2.0, 2.1, 2.2rc1, 2.2, 2.3rc3, 2.3rc4, 2.3, 2.4rc1, 2.4rc2, 2.4, 2.5rc1, 2.5, 2.5.1, 2.6rc1, 2.6rc2, 2.6.2, 2.6.3, 2.7rc1, 2.7, 2.7.1, 2.8rc1, 2.8, 2.8.1rc1, 2.8.1, 2.8.2, 2.8.3, 2.8.4, 2.8.5, 2.8.6, 2.8.7, 2.8.8, 3.0b1, 3.0rc1, 3.0, 3.1rc0, 3.1)
6.639 ERROR: No matching distribution found for networkx==3.4.2
------
Dockerfile:30
--------------------
  29 |     # https://discourse.jupyter.org/t/jupyter-notebook-zmq-message-arrived-on-closed-channel-error/17869/10
  30 | >>> RUN pip3 install \
  31 | >>>     ipython \
  32 | >>>     tornado==6.1 \
  33 | >>>     jupyter-client==7.3.2 \
  34 | >>>     jupyter-contrib-core \
  35 | >>>     jupyter-contrib-nbextensions \
  36 | >>>     psycopg2-binary \
  37 | >>>     yapf \
  38 | >>>     requests==2.32.3 \
  39 | >>>     pandas \
  40 | >>>     numpy \
  41 | >>>     loguru==0.7.3 \
  42 | >>>     gensim==4.3.3 \
  43 | >>>     scikit-learn \
  44 | >>>     seaborn==0.13.2 \
  45 | >>>     matplotlib \
  46 | >>>     networkx==3.4.2
  47 |     
--------------------
ERROR: failed to solve: process "/bin/sh -c pip3 install     ipython     tornado==6.1     jupyter-client==7.3.2     jupyter-contrib-core     jupyter-contrib-nbextensions     psycopg2-binary     yapf     requests==2.32.3     pandas     numpy     loguru==0.7.3     gensim==4.3.3     scikit-learn     seaborn==0.13.2     matplotlib     networkx==3.4.2" did not complete successfully: exit code: 1

View build details: docker-desktop://dashboard/build/desktop-linux/desktop-linux/9izxfous52degoxkgawr8djce
