#0 building with "desktop-linux" instance using docker driver

#1 [internal] load build definition from Dockerfile
#1 transferring dockerfile: 1.29kB done
#1 DONE 0.0s

#2 [internal] load metadata for docker.io/library/ubuntu:20.04
#2 ...

#3 [auth] library/ubuntu:pull token for registry-1.docker.io
#3 DONE 0.0s

#2 [internal] load metadata for docker.io/library/ubuntu:20.04
#2 DONE 2.3s

#4 [internal] load .dockerignore
#4 transferring context: 2B done
#4 DONE 0.0s

#5 [ 1/15] FROM docker.io/library/ubuntu:20.04@sha256:8feb4d8ca5354def3d8fce243717141ce31e2c428701f6682bd2fafe15388214
#5 resolve docker.io/library/ubuntu:20.04@sha256:8feb4d8ca5354def3d8fce243717141ce31e2c428701f6682bd2fafe15388214 0.0s done
#5 DONE 0.0s

#6 [internal] load build context
#6 transferring context: 2.42kB done
#6 DONE 0.0s

#7 [ 8/15] RUN mkdir /install
#7 CACHED

#8 [ 7/15] RUN pip3 install     ipython     tornado==6.1     jupyter-client==7.3.2     jupyter-contrib-core     jupyter-contrib-nbextensions     psycopg2-binary     yapf
#8 CACHED

#9 [ 9/15] ADD install_jupyter_extensions.sh /install
#9 CACHED

#10 [12/15] COPY etc_sudoers /etc/sudoers
#10 CACHED

#11 [11/15] ADD etc_sudoers /install/
#11 CACHED

#12 [ 5/15] RUN apt install -y --no-install-recommends     python3     python3-pip     python3-dev
#12 CACHED

#13 [10/15] RUN /install/install_jupyter_extensions.sh
#13 CACHED

#14 [13/15] COPY bashrc /root/.bashrc
#14 CACHED

#15 [ 3/15] RUN apt-get -y upgrade
#15 CACHED

#16 [ 4/15] RUN apt install -y --no-install-recommends     sudo     curl     systemctl     gnupg     git     vim
#16 CACHED

#17 [ 2/15] RUN apt-get -y update
#17 CACHED

#18 [14/15] ADD version.sh /install/
#18 CACHED

#19 [ 6/15] RUN python3 -m pip install --upgrade pip
#19 CACHED

#20 [15/15] RUN /install/version.sh 2>&1 | tee version.log
#20 CACHED

#21 exporting to image
#21 exporting layers done
#21 exporting manifest sha256:d623c05620168a00db716e6f75c47bfd23fca9ed62ce502fd429795d8df473a6 done
#21 exporting config sha256:40caeac461bba924cb4aa0918a06067b8f23aaa098dadc87a5e9fd74d82c4c82 done
#21 exporting attestation manifest sha256:aaedcca92e866dc5b7de6b690a2abdb53b5a97b25aea2a9484ebce2b86dd0c84 done
#21 exporting manifest list sha256:e504ab5ab59e679493a62290216154a626beb70d77dde661a8ff5c51621f2057 done
#21 naming to docker.io/umd_data605/umd_data605_template:latest done
#21 unpacking to docker.io/umd_data605/umd_data605_template:latest done
#21 DONE 0.0s
