#0 building with "desktop-linux" instance using docker driver

#1 [internal] load build definition from Dockerfile
#1 transferring dockerfile: 2.04kB done
#1 DONE 0.0s

#2 [internal] load metadata for docker.io/library/ubuntu:20.04
#2 DONE 0.4s

#3 [internal] load .dockerignore
#3 transferring context: 2B done
#3 DONE 0.0s

#4 [ 1/20] FROM docker.io/library/ubuntu:20.04@sha256:8feb4d8ca5354def3d8fce243717141ce31e2c428701f6682bd2fafe15388214
#4 resolve docker.io/library/ubuntu:20.04@sha256:8feb4d8ca5354def3d8fce243717141ce31e2c428701f6682bd2fafe15388214 0.0s done
#4 DONE 0.0s

#5 [internal] load build context
#5 transferring context: 2.52kB done
#5 DONE 0.0s

#6 [13/20] RUN bash -c "    curl -fSL https://archive.apache.org/dist/spark/spark-3.2.0/spark-3.2.0-bin-hadoop3.2.tgz -o spark.tgz &&     tar -xzf spark.tgz &&     mv spark-3.2.0-bin-hadoop3.2 /opt/spark &&     rm spark.tgz "
#6 CACHED

#7 [19/20] ADD version.sh /install/
#7 CACHED

#8 [17/20] COPY etc_sudoers /etc/sudoers
#8 CACHED

#9 [14/20] ADD install_jupyter_extensions.sh /install
#9 CACHED

#10 [ 8/20] RUN mkdir /install
#10 CACHED

#11 [18/20] COPY bashrc /root/.bashrc
#11 CACHED

#12 [ 2/20] RUN apt-get -y update
#12 CACHED

#13 [15/20] RUN /install/install_jupyter_extensions.sh
#13 CACHED

#14 [ 5/20] RUN apt install -y --no-install-recommends     python3     python3-pip     python3-dev
#14 CACHED

#15 [ 9/20] ADD requirements.txt /install
#15 CACHED

#16 [10/20] RUN pip3 install -r /install/requirements.txt
#16 CACHED

#17 [ 6/20] RUN python3 -m pip install --upgrade pip
#17 CACHED

#18 [ 7/20] RUN pip3 install     ipython     tornado==6.1     jupyter-client==7.3.2     jupyter-contrib-core     jupyter-contrib-nbextensions     psycopg2-binary     yapf
#18 CACHED

#19 [ 3/20] RUN apt-get -y upgrade
#19 CACHED

#20 [ 4/20] RUN apt install -y --no-install-recommends     sudo     curl     systemctl     gnupg     git     vim
#20 CACHED

#21 [12/20] RUN apt-get install -y --no-install-recommends curl
#21 CACHED

#22 [11/20] RUN apt install -y --no-install-recommends openjdk-11-jdk
#22 CACHED

#23 [16/20] ADD etc_sudoers /install/
#23 CACHED

#24 [20/20] RUN /install/version.sh 2>&1 | tee version.log
#24 CACHED

#25 exporting to image
#25 exporting layers done
#25 exporting manifest sha256:63f77a413c9efb87a10069214b919224463429a23cf95afdf73a90907eb2f093 done
#25 exporting config sha256:2787166247d79ba40546b5210e73e3ff504a776d4e26c0c36003186f1037228a done
#25 exporting attestation manifest sha256:033e2f06a81d2c58c0b7ba299a893074bdcaf3948abf4c09f0cee262924515e6 done
#25 exporting manifest list sha256:977ebc100e2685f84baf992691294ca250649cb7a7cbbf9d39f6af681a9df12a done
#25 naming to docker.io/umd_data605/umd_data605_template:latest done
#25 unpacking to docker.io/umd_data605/umd_data605_template:latest done
#25 DONE 0.0s
