nohup: ignoring input
Appended row: {'timestamp': '2025-04-23 18:32:56', 'price_usd': 93454, 'market_cap_usd': 1855711950177.5906, 'price_change_pct': 0}
Appended row: {'timestamp': '2025-04-23 18:33:57', 'price_usd': 93466, 'market_cap_usd': 1855553696722.917, 'price_change_pct': 0.00013}
Appended row: {'timestamp': '2025-04-23 18:34:57', 'price_usd': 93466, 'market_cap_usd': 1855553696722.917, 'price_change_pct': 0.0}
Appended row: {'timestamp': '2025-04-23 18:35:57', 'price_usd': 93485, 'market_cap_usd': 1855553696722.917, 'price_change_pct': 0.0002}
Appended row: {'timestamp': '2025-04-23 18:36:57', 'price_usd': 93534, 'market_cap_usd': 1855553696722.917, 'price_change_pct': 0.00052}
Appended row: {'timestamp': '2025-04-23 18:37:58', 'price_usd': 93571, 'market_cap_usd': 1857375334763.2295, 'price_change_pct': 0.0004}
Appended row: {'timestamp': '2025-04-23 18:38:58', 'price_usd': 93571, 'market_cap_usd': 1857375334763.2295, 'price_change_pct': 0.0}
Appended row: {'timestamp': '2025-04-23 18:39:58', 'price_usd': 93594, 'market_cap_usd': 1857375334763.2295, 'price_change_pct': 0.00025}
Appended row: {'timestamp': '2025-04-23 18:40:58', 'price_usd': 93603, 'market_cap_usd': 1858515407735.7805, 'price_change_pct': 0.0001}
Appended row: {'timestamp': '2025-04-23 18:41:59', 'price_usd': 93625, 'market_cap_usd': 1858515407735.7805, 'price_change_pct': 0.00024}
Appended row: {'timestamp': '2025-04-23 18:42:59', 'price_usd': 93625, 'market_cap_usd': 1858515407735.7805, 'price_change_pct': 0.0}
Appended row: {'timestamp': '2025-04-23 18:43:59', 'price_usd': 93645, 'market_cap_usd': 1858515407735.7805, 'price_change_pct': 0.00021}
Appended row: {'timestamp': '2025-04-23 18:45:00', 'price_usd': 93675, 'market_cap_usd': 1859921539712.2114, 'price_change_pct': 0.00032}
Appended row: {'timestamp': '2025-04-23 18:46:00', 'price_usd': 93675, 'market_cap_usd': 1859921539712.2114, 'price_change_pct': 0.0}
Appended row: {'timestamp': '2025-04-23 18:47:00', 'price_usd': 93704, 'market_cap_usd': 1859921539712.2114, 'price_change_pct': 0.00031}
Appended row: {'timestamp': '2025-04-23 18:48:00', 'price_usd': 93716, 'market_cap_usd': 1859921539712.2114, 'price_change_pct': 0.00013}
Appended row: {'timestamp': '2025-04-23 18:49:01', 'price_usd': 93739, 'market_cap_usd': 1861106076507.3254, 'price_change_pct': 0.00025}
Appended row: {'timestamp': '2025-04-23 18:50:01', 'price_usd': 93739, 'market_cap_usd': 1861106076507.3254, 'price_change_pct': 0.0}
Appended row: {'timestamp': '2025-04-23 18:51:01', 'price_usd': 93744, 'market_cap_usd': 1861106076507.3254, 'price_change_pct': 5e-05}
Appended row: {'timestamp': '2025-04-23 18:52:02', 'price_usd': 93760, 'market_cap_usd': 1861106076507.3254, 'price_change_pct': 0.00017}
Appended row: {'timestamp': '2025-04-23 18:53:02', 'price_usd': 93762, 'market_cap_usd': 1861664554872.5588, 'price_change_pct': 2e-05}
Appended row: {'timestamp': '2025-04-23 18:54:02', 'price_usd': 93762, 'market_cap_usd': 1861664554872.5588, 'price_change_pct': 0.0}
Appended row: {'timestamp': '2025-04-23 18:55:03', 'price_usd': 93767, 'market_cap_usd': 1861664554872.5588, 'price_change_pct': 5e-05}
Appended row: {'timestamp': '2025-04-23 18:56:03', 'price_usd': 93765, 'market_cap_usd': 1861664554872.5588, 'price_change_pct': -2e-05}
Appended row: {'timestamp': '2025-04-23 18:57:03', 'price_usd': 93762, 'market_cap_usd': 1861664554872.5588, 'price_change_pct': -3e-05}
Appended row: {'timestamp': '2025-04-23 18:58:03', 'price_usd': 93762, 'market_cap_usd': 1861664554872.5588, 'price_change_pct': 0.0}
Appended row: {'timestamp': '2025-04-23 18:59:04', 'price_usd': 93763, 'market_cap_usd': 1861679804230.1013, 'price_change_pct': 1e-05}
Appended row: {'timestamp': '2025-04-23 19:00:04', 'price_usd': 93767, 'market_cap_usd': 1861679804230.1013, 'price_change_pct': 4e-05}
Appended row: {'timestamp': '2025-04-23 19:01:04', 'price_usd': 93774, 'market_cap_usd': 1861921668241.5095, 'price_change_pct': 7e-05}
Appended row: {'timestamp': '2025-04-23 19:02:04', 'price_usd': 93774, 'market_cap_usd': 1861921668241.5095, 'price_change_pct': 0.0}
Appended row: {'timestamp': '2025-04-23 19:03:05', 'price_usd': 93776, 'market_cap_usd': 1861921668241.5095, 'price_change_pct': 2e-05}
Appended row: {'timestamp': '2025-04-23 19:04:05', 'price_usd': 93769, 'market_cap_usd': 1861921668241.5095, 'price_change_pct': -7e-05}
Appended row: {'timestamp': '2025-04-23 19:05:05', 'price_usd': 93769, 'market_cap_usd': 1861921668241.5095, 'price_change_pct': 0.0}
Appended row: {'timestamp': '2025-04-23 19:06:05', 'price_usd': 93759, 'market_cap_usd': 1861669161951.973, 'price_change_pct': -0.00011}
Appended row: {'timestamp': '2025-04-23 19:07:06', 'price_usd': 93761, 'market_cap_usd': 1861669161951.973, 'price_change_pct': 2e-05}
Appended row: {'timestamp': '2025-04-23 19:08:06', 'price_usd': 93761, 'market_cap_usd': 1861669161951.973, 'price_change_pct': 0.0}
Appended row: {'timestamp': '2025-04-23 19:09:06', 'price_usd': 93785, 'market_cap_usd': 1861966314541.8518, 'price_change_pct': 0.00026}
Appended row: {'timestamp': '2025-04-23 19:10:06', 'price_usd': 93813, 'market_cap_usd': 1861966314541.8518, 'price_change_pct': 0.0003}
Appended row: {'timestamp': '2025-04-23 19:11:07', 'price_usd': 93819, 'market_cap_usd': 1861966314541.8518, 'price_change_pct': 6e-05}
Appended row: {'timestamp': '2025-04-23 19:12:07', 'price_usd': 93819, 'market_cap_usd': 1861966314541.8518, 'price_change_pct': 0.0}
Appended row: {'timestamp': '2025-04-23 19:13:07', 'price_usd': 93821, 'market_cap_usd': 1861966314541.8518, 'price_change_pct': 2e-05}
Appended row: {'timestamp': '2025-04-23 19:14:07', 'price_usd': 93824, 'market_cap_usd': 1862761845664.5857, 'price_change_pct': 3e-05}
Appended row: {'timestamp': '2025-04-23 19:15:08', 'price_usd': 93836, 'market_cap_usd': 1862761845664.5857, 'price_change_pct': 0.00013}
Appended row: {'timestamp': '2025-04-23 19:16:08', 'price_usd': 93836, 'market_cap_usd': 1862761845664.5857, 'price_change_pct': 0.0}
Appended row: {'timestamp': '2025-04-23 19:17:08', 'price_usd': 93825, 'market_cap_usd': 1862761845664.5857, 'price_change_pct': -0.00012}
Appended row: {'timestamp': '2025-04-23 19:18:09', 'price_usd': 93797, 'market_cap_usd': 1862918944764.673, 'price_change_pct': -0.0003}
Appended row: {'timestamp': '2025-04-23 19:19:09', 'price_usd': 93797, 'market_cap_usd': 1862918944764.673, 'price_change_pct': 0.0}
Appended row: {'timestamp': '2025-04-23 19:20:09', 'price_usd': 93781, 'market_cap_usd': 1862918944764.673, 'price_change_pct': -0.00017}
Appended row: {'timestamp': '2025-04-23 19:21:09', 'price_usd': 93775, 'market_cap_usd': 1861922625789.8525, 'price_change_pct': -6e-05}
Appended row: {'timestamp': '2025-04-23 19:22:10', 'price_usd': 93763, 'market_cap_usd': 1861922625789.8525, 'price_change_pct': -0.00013}
Appended row: {'timestamp': '2025-04-23 19:23:10', 'price_usd': 93763, 'market_cap_usd': 1861922625789.8525, 'price_change_pct': 0.0}
Appended row: {'timestamp': '2025-04-23 19:24:10', 'price_usd': 93762, 'market_cap_usd': 1861922625789.8525, 'price_change_pct': -1e-05}
Appended row: {'timestamp': '2025-04-23 19:25:11', 'price_usd': 93770, 'market_cap_usd': 1861922625789.8525, 'price_change_pct': 9e-05}
Appended row: {'timestamp': '2025-04-23 19:26:11', 'price_usd': 93770, 'market_cap_usd': 1861922625789.8525, 'price_change_pct': 0.0}
Appended row: {'timestamp': '2025-04-23 19:27:11', 'price_usd': 93787, 'market_cap_usd': 1861999004331.314, 'price_change_pct': 0.00018}
Appended row: {'timestamp': '2025-04-23 19:28:12', 'price_usd': 93777, 'market_cap_usd': 1861999004331.314, 'price_change_pct': -0.00011}
Appended row: {'timestamp': '2025-04-23 19:29:12', 'price_usd': 93777, 'market_cap_usd': 1861999004331.314, 'price_change_pct': 0.0}
Appended row: {'timestamp': '2025-04-23 19:30:12', 'price_usd': 93759, 'market_cap_usd': 1861900973065.7754, 'price_change_pct': -0.00019}
Appended row: {'timestamp': '2025-04-23 19:31:12', 'price_usd': 93758, 'market_cap_usd': 1861900973065.7754, 'price_change_pct': -1e-05}
Appended row: {'timestamp': '2025-04-23 19:32:13', 'price_usd': 93757, 'market_cap_usd': 1861900973065.7754, 'price_change_pct': -1e-05}
Appended row: {'timestamp': '2025-04-23 19:33:13', 'price_usd': 93757, 'market_cap_usd': 1861900973065.7754, 'price_change_pct': 0.0}
Appended row: {'timestamp': '2025-04-23 19:34:13', 'price_usd': 93743, 'market_cap_usd': 1861390305598.2637, 'price_change_pct': -0.00015}
Appended row: {'timestamp': '2025-04-23 19:35:14', 'price_usd': 93740, 'market_cap_usd': 1861390305598.2637, 'price_change_pct': -3e-05}
Appended row: {'timestamp': '2025-04-23 19:36:14', 'price_usd': 93740, 'market_cap_usd': 1861390305598.2637, 'price_change_pct': 0.0}
Appended row: {'timestamp': '2025-04-23 19:37:14', 'price_usd': 93726, 'market_cap_usd': 1860962079523.7407, 'price_change_pct': -0.00015}
Appended row: {'timestamp': '2025-04-23 19:38:15', 'price_usd': 93703, 'market_cap_usd': 1860962079523.7407, 'price_change_pct': -0.00025}
Appended row: {'timestamp': '2025-04-23 19:39:15', 'price_usd': 93703, 'market_cap_usd': 1860962079523.7407, 'price_change_pct': 0.0}
Appended row: {'timestamp': '2025-04-23 19:40:15', 'price_usd': 93697, 'market_cap_usd': 1860962079523.7407, 'price_change_pct': -6e-05}
Appended row: {'timestamp': '2025-04-23 19:41:16', 'price_usd': 93685, 'market_cap_usd': 1860323919027.559, 'price_change_pct': -0.00013}
Appended row: {'timestamp': '2025-04-23 19:42:16', 'price_usd': 93685, 'market_cap_usd': 1860323919027.559, 'price_change_pct': 0.0}
Appended row: {'timestamp': '2025-04-23 19:43:16', 'price_usd': 93664, 'market_cap_usd': 1860323919027.559, 'price_change_pct': -0.00022}
Appended row: {'timestamp': '2025-04-23 19:44:17', 'price_usd': 93651, 'market_cap_usd': 1860323919027.559, 'price_change_pct': -0.00014}
Appended row: {'timestamp': '2025-04-23 19:45:17', 'price_usd': 93651, 'market_cap_usd': 1860323919027.559, 'price_change_pct': 0.0}
Appended row: {'timestamp': '2025-04-23 19:46:17', 'price_usd': 93642, 'market_cap_usd': 1859331746504.4622, 'price_change_pct': -0.0001}
Appended row: {'timestamp': '2025-04-23 19:47:17', 'price_usd': 93641, 'market_cap_usd': 1859331746504.4622, 'price_change_pct': -1e-05}
Appended row: {'timestamp': '2025-04-23 19:48:18', 'price_usd': 93642, 'market_cap_usd': 1859331746504.4622, 'price_change_pct': 1e-05}
Appended row: {'timestamp': '2025-04-23 19:49:18', 'price_usd': 93642, 'market_cap_usd': 1859331746504.4622, 'price_change_pct': 0.0}
Appended row: {'timestamp': '2025-04-23 19:50:18', 'price_usd': 93621, 'market_cap_usd': 1859233398364.266, 'price_change_pct': -0.00022}
Appended row: {'timestamp': '2025-04-23 19:51:19', 'price_usd': 93618, 'market_cap_usd': 1859233398364.266, 'price_change_pct': -3e-05}
Appended row: {'timestamp': '2025-04-23 19:52:19', 'price_usd': 93618, 'market_cap_usd': 1859233398364.266, 'price_change_pct': 0.0}
Appended row: {'timestamp': '2025-04-23 19:53:19', 'price_usd': 93614, 'market_cap_usd': 1859233398364.266, 'price_change_pct': -4e-05}
Appended row: {'timestamp': '2025-04-23 19:54:20', 'price_usd': 93606, 'market_cap_usd': 1858660302322.256, 'price_change_pct': -9e-05}
Appended row: {'timestamp': '2025-04-23 19:55:20', 'price_usd': 93606, 'market_cap_usd': 1858660302322.256, 'price_change_pct': 0.0}
Appended row: {'timestamp': '2025-04-23 19:56:20', 'price_usd': 93605, 'market_cap_usd': 1858660302322.256, 'price_change_pct': -1e-05}
Appended row: {'timestamp': '2025-04-23 19:57:20', 'price_usd': 93618, 'market_cap_usd': 1858643268245.5742, 'price_change_pct': 0.00014}
Appended row: {'timestamp': '2025-04-23 19:58:21', 'price_usd': 93628, 'market_cap_usd': 1858643268245.5742, 'price_change_pct': 0.00011}
Appended row: {'timestamp': '2025-04-23 19:59:21', 'price_usd': 93628, 'market_cap_usd': 1858643268245.5742, 'price_change_pct': 0.0}
Appended row: {'timestamp': '2025-04-23 20:00:22', 'price_usd': 93675, 'market_cap_usd': 1858643268245.5742, 'price_change_pct': 0.0005}
Appended row: {'timestamp': '2025-04-23 20:01:22', 'price_usd': 93691, 'market_cap_usd': 1860131775120.3352, 'price_change_pct': 0.00017}
Appended row: {'timestamp': '2025-04-23 20:02:24', 'price_usd': 93696, 'market_cap_usd': 1860131775120.3352, 'price_change_pct': 5e-05}
Appended row: {'timestamp': '2025-04-23 20:03:24', 'price_usd': 93710, 'market_cap_usd': 1860131775120.3352, 'price_change_pct': 0.00015}
Appended row: {'timestamp': '2025-04-23 20:04:24', 'price_usd': 93710, 'market_cap_usd': 1860131775120.3352, 'price_change_pct': 0.0}
Appended row: {'timestamp': '2025-04-23 20:05:25', 'price_usd': 93717, 'market_cap_usd': 1860131775120.3352, 'price_change_pct': 7e-05}
Appended row: {'timestamp': '2025-04-23 20:06:25', 'price_usd': 93674, 'market_cap_usd': 1860131775120.3352, 'price_change_pct': -0.00046}
Appended row: {'timestamp': '2025-04-23 20:07:25', 'price_usd': 93656, 'market_cap_usd': 1860131775120.3352, 'price_change_pct': -0.00019}
Appended row: {'timestamp': '2025-04-23 20:08:25', 'price_usd': 93644, 'market_cap_usd': 1860131775120.3352, 'price_change_pct': -0.00013}
Appended row: {'timestamp': '2025-04-23 20:09:26', 'price_usd': 93641, 'market_cap_usd': 1860131775120.3352, 'price_change_pct': -3e-05}
Appended row: {'timestamp': '2025-04-23 20:10:26', 'price_usd': 93641, 'market_cap_usd': 1860131775120.3352, 'price_change_pct': 0.0}
Appended row: {'timestamp': '2025-04-23 20:11:26', 'price_usd': 93626, 'market_cap_usd': 1860131775120.3352, 'price_change_pct': -0.00016}
Appended row: {'timestamp': '2025-04-23 20:12:26', 'price_usd': 93597, 'market_cap_usd': 1860131775120.3352, 'price_change_pct': -0.00031}
Appended row: {'timestamp': '2025-04-23 20:13:27', 'price_usd': 93584, 'market_cap_usd': 1858147390145.4116, 'price_change_pct': -0.00014}
Appended row: {'timestamp': '2025-04-23 20:14:27', 'price_usd': 93584, 'market_cap_usd': 1858147390145.4116, 'price_change_pct': 0.0}
Appended row: {'timestamp': '2025-04-23 20:15:27', 'price_usd': 93551, 'market_cap_usd': 1858147390145.4116, 'price_change_pct': -0.00035}
Appended row: {'timestamp': '2025-04-23 20:16:28', 'price_usd': 93538, 'market_cap_usd': 1858147390145.4116, 'price_change_pct': -0.00014}
Appended row: {'timestamp': '2025-04-23 20:17:28', 'price_usd': 93524, 'market_cap_usd': 1858147390145.4116, 'price_change_pct': -0.00015}
Appended row: {'timestamp': '2025-04-23 20:18:28', 'price_usd': 93524, 'market_cap_usd': 1858147390145.4116, 'price_change_pct': 0.0}
Appended row: {'timestamp': '2025-04-23 20:19:29', 'price_usd': 93530, 'market_cap_usd': 1856939713831.6213, 'price_change_pct': 6e-05}
Appended row: {'timestamp': '2025-04-23 20:20:29', 'price_usd': 93541, 'market_cap_usd': 1856939713831.6213, 'price_change_pct': 0.00012}
Appended row: {'timestamp': '2025-04-23 20:21:29', 'price_usd': 93541, 'market_cap_usd': 1856939713831.6213, 'price_change_pct': 0.0}
Appended row: {'timestamp': '2025-04-23 20:22:29', 'price_usd': 93561, 'market_cap_usd': 1857410902950.2837, 'price_change_pct': 0.00021}
Appended row: {'timestamp': '2025-04-23 20:23:30', 'price_usd': 93586, 'market_cap_usd': 1857410902950.2837, 'price_change_pct': 0.00027}
Appended row: {'timestamp': '2025-04-23 20:24:30', 'price_usd': 93586, 'market_cap_usd': 1857410902950.2837, 'price_change_pct': 0.0}
Appended row: {'timestamp': '2025-04-23 20:25:30', 'price_usd': 93568, 'market_cap_usd': 1857845638911.334, 'price_change_pct': -0.00019}
Appended row: {'timestamp': '2025-04-23 20:26:30', 'price_usd': 93509, 'market_cap_usd': 1857845638911.334, 'price_change_pct': -0.00063}
Appended row: {'timestamp': '2025-04-23 20:27:31', 'price_usd': 93476, 'market_cap_usd': 1857845638911.334, 'price_change_pct': -0.00035}
Appended row: {'timestamp': '2025-04-23 20:28:31', 'price_usd': 93476, 'market_cap_usd': 1857845638911.334, 'price_change_pct': 0.0}
Appended row: {'timestamp': '2025-04-23 20:29:31', 'price_usd': 93440, 'market_cap_usd': 1855378110829.0442, 'price_change_pct': -0.00039}
Appended row: {'timestamp': '2025-04-23 20:30:32', 'price_usd': 93419, 'market_cap_usd': 1855378110829.0442, 'price_change_pct': -0.00022}
Appended row: {'timestamp': '2025-04-23 20:31:32', 'price_usd': 93419, 'market_cap_usd': 1855378110829.0442, 'price_change_pct': 0.0}
Appended row: {'timestamp': '2025-04-23 20:32:32', 'price_usd': 93390, 'market_cap_usd': 1855378110829.0442, 'price_change_pct': -0.00031}
Appended row: {'timestamp': '2025-04-23 20:33:33', 'price_usd': 93392, 'market_cap_usd': 1854154927332.083, 'price_change_pct': 2e-05}
Appended row: {'timestamp': '2025-04-23 20:34:33', 'price_usd': 93394, 'market_cap_usd': 1854154927332.083, 'price_change_pct': 2e-05}
Appended row: {'timestamp': '2025-04-23 20:35:33', 'price_usd': 93394, 'market_cap_usd': 1854154927332.083, 'price_change_pct': 0.0}
Appended row: {'timestamp': '2025-04-23 20:36:34', 'price_usd': 93417, 'market_cap_usd': 1854154927332.083, 'price_change_pct': 0.00025}
Appended row: {'timestamp': '2025-04-23 20:37:34', 'price_usd': 93443, 'market_cap_usd': 1855257665259.05, 'price_change_pct': 0.00028}
Appended row: {'timestamp': '2025-04-23 20:38:34', 'price_usd': 93455, 'market_cap_usd': 1855257665259.05, 'price_change_pct': 0.00013}
Appended row: {'timestamp': '2025-04-23 20:39:34', 'price_usd': 93455, 'market_cap_usd': 1855257665259.05, 'price_change_pct': 0.0}
Appended row: {'timestamp': '2025-04-23 20:40:35', 'price_usd': 93481, 'market_cap_usd': 1855257665259.05, 'price_change_pct': 0.00028}
Appended row: {'timestamp': '2025-04-23 20:41:35', 'price_usd': 93493, 'market_cap_usd': 1856248180138.6003, 'price_change_pct': 0.00013}
Appended row: {'timestamp': '2025-04-23 20:42:35', 'price_usd': 93501, 'market_cap_usd': 1856248180138.6003, 'price_change_pct': 9e-05}
Appended row: {'timestamp': '2025-04-23 20:43:36', 'price_usd': 93562, 'market_cap_usd': 1856248180138.6003, 'price_change_pct': 0.00065}
Appended row: {'timestamp': '2025-04-23 20:44:36', 'price_usd': 93562, 'market_cap_usd': 1856248180138.6003, 'price_change_pct': 0.0}
Appended row: {'timestamp': '2025-04-23 20:45:36', 'price_usd': 93571, 'market_cap_usd': 1857857570949.2249, 'price_change_pct': 0.0001}
Appended row: {'timestamp': '2025-04-23 20:46:36', 'price_usd': 93582, 'market_cap_usd': 1857857570949.2249, 'price_change_pct': 0.00012}
Appended row: {'timestamp': '2025-04-23 20:47:37', 'price_usd': 93591, 'market_cap_usd': 1857857570949.2249, 'price_change_pct': 0.0001}
Appended row: {'timestamp': '2025-04-23 20:48:37', 'price_usd': 93591, 'market_cap_usd': 1857857570949.2249, 'price_change_pct': 0.0}
Appended row: {'timestamp': '2025-04-23 20:49:37', 'price_usd': 93620, 'market_cap_usd': 1857857570949.2249, 'price_change_pct': 0.00031}
Appended row: {'timestamp': '2025-04-23 20:50:37', 'price_usd': 93606, 'market_cap_usd': 1858837083928.688, 'price_change_pct': -0.00015}
Appended row: {'timestamp': '2025-04-23 20:51:38', 'price_usd': 93571, 'market_cap_usd': 1858837083928.688, 'price_change_pct': -0.00037}
Appended row: {'timestamp': '2025-04-23 20:52:38', 'price_usd': 93571, 'market_cap_usd': 1858837083928.688, 'price_change_pct': 0.0}
Appended row: {'timestamp': '2025-04-23 20:53:38', 'price_usd': 93534, 'market_cap_usd': 1857242594878.155, 'price_change_pct': -0.0004}
Appended row: {'timestamp': '2025-04-23 20:54:39', 'price_usd': 93525, 'market_cap_usd': 1857242594878.155, 'price_change_pct': -0.0001}
Appended row: {'timestamp': '2025-04-23 20:55:39', 'price_usd': 93525, 'market_cap_usd': 1857242594878.155, 'price_change_pct': 0.0}
Appended row: {'timestamp': '2025-04-23 20:56:40', 'price_usd': 93509, 'market_cap_usd': 1857242594878.155, 'price_change_pct': -0.00017}
Appended row: {'timestamp': '2025-04-23 20:57:40', 'price_usd': 93498, 'market_cap_usd': 1856608743127.941, 'price_change_pct': -0.00012}
Appended row: {'timestamp': '2025-04-23 20:58:40', 'price_usd': 93498, 'market_cap_usd': 1856608743127.941, 'price_change_pct': 0.0}
Appended row: {'timestamp': '2025-04-23 20:59:41', 'price_usd': 93460, 'market_cap_usd': 1856608743127.941, 'price_change_pct': -0.00041}
Appended row: {'timestamp': '2025-04-23 21:00:41', 'price_usd': 93448, 'market_cap_usd': 1855549933637.4976, 'price_change_pct': -0.00013}
Appended row: {'timestamp': '2025-04-23 21:01:41', 'price_usd': 93448, 'market_cap_usd': 1855549933637.4976, 'price_change_pct': 0.0}
Appended row: {'timestamp': '2025-04-23 21:02:41', 'price_usd': 93433, 'market_cap_usd': 1855549933637.4976, 'price_change_pct': -0.00016}
Appended row: {'timestamp': '2025-04-23 21:03:42', 'price_usd': 93425, 'market_cap_usd': 1855549933637.4976, 'price_change_pct': -9e-05}
Appended row: {'timestamp': '2025-04-23 21:04:42', 'price_usd': 93425, 'market_cap_usd': 1855549933637.4976, 'price_change_pct': 0.0}
Appended row: {'timestamp': '2025-04-23 21:05:42', 'price_usd': 93393, 'market_cap_usd': 1855549933637.4976, 'price_change_pct': -0.00034}
Appended row: {'timestamp': '2025-04-23 21:06:43', 'price_usd': 93401, 'market_cap_usd': 1854348635227.467, 'price_change_pct': 9e-05}
Appended row: {'timestamp': '2025-04-23 21:07:43', 'price_usd': 93401, 'market_cap_usd': 1854348635227.467, 'price_change_pct': 0.0}
Appended row: {'timestamp': '2025-04-23 21:08:43', 'price_usd': 93427, 'market_cap_usd': 1854348635227.467, 'price_change_pct': 0.00028}
Appended row: {'timestamp': '2025-04-23 21:09:43', 'price_usd': 93437, 'market_cap_usd': 1854348635227.467, 'price_change_pct': 0.00011}
Appended row: {'timestamp': '2025-04-23 21:10:44', 'price_usd': 93465, 'market_cap_usd': 1855212739964.2676, 'price_change_pct': 0.0003}
Appended row: {'timestamp': '2025-04-23 21:11:44', 'price_usd': 93465, 'market_cap_usd': 1855212739964.2676, 'price_change_pct': 0.0}
Appended row: {'timestamp': '2025-04-23 21:12:44', 'price_usd': 93467, 'market_cap_usd': 1855212739964.2676, 'price_change_pct': 2e-05}
Appended row: {'timestamp': '2025-04-23 21:13:45', 'price_usd': 93466, 'market_cap_usd': 1855782116935.2983, 'price_change_pct': -1e-05}
Appended row: {'timestamp': '2025-04-23 21:14:45', 'price_usd': 93466, 'market_cap_usd': 1855782116935.2983, 'price_change_pct': 0.0}
Appended row: {'timestamp': '2025-04-23 21:15:46', 'price_usd': 93393, 'market_cap_usd': 1855782116935.2983, 'price_change_pct': -0.00078}
Appended row: {'timestamp': '2025-04-23 21:16:46', 'price_usd': 93372, 'market_cap_usd': 1855782116935.2983, 'price_change_pct': -0.00022}
Appended row: {'timestamp': '2025-04-23 21:17:46', 'price_usd': 93372, 'market_cap_usd': 1855782116935.2983, 'price_change_pct': 0.0}
Appended row: {'timestamp': '2025-04-23 21:18:47', 'price_usd': 93343, 'market_cap_usd': 1853631926436.6948, 'price_change_pct': -0.00031}
Appended row: {'timestamp': '2025-04-23 21:19:47', 'price_usd': 93235, 'market_cap_usd': 1853631926436.6948, 'price_change_pct': -0.00116}
Appended row: {'timestamp': '2025-04-23 21:20:47', 'price_usd': 93235, 'market_cap_usd': 1853631926436.6948, 'price_change_pct': 0.0}
Appended row: {'timestamp': '2025-04-23 21:21:47', 'price_usd': 93238, 'market_cap_usd': 1851357695039.313, 'price_change_pct': 3e-05}
Appended row: {'timestamp': '2025-04-23 21:22:48', 'price_usd': 93226, 'market_cap_usd': 1851357695039.313, 'price_change_pct': -0.00013}
Appended row: {'timestamp': '2025-04-23 21:23:49', 'price_usd': 93210, 'market_cap_usd': 1851357695039.313, 'price_change_pct': -0.00017}
Appended row: {'timestamp': '2025-04-23 21:24:49', 'price_usd': 93210, 'market_cap_usd': 1851357695039.313, 'price_change_pct': 0.0}
Appended row: {'timestamp': '2025-04-23 21:25:50', 'price_usd': 93197, 'market_cap_usd': 1851357695039.313, 'price_change_pct': -0.00014}
Appended row: {'timestamp': '2025-04-23 21:26:50', 'price_usd': 93190, 'market_cap_usd': 1850462141335.6218, 'price_change_pct': -8e-05}
Appended row: {'timestamp': '2025-04-23 21:27:50', 'price_usd': 93190, 'market_cap_usd': 1850462141335.6218, 'price_change_pct': 0.0}
Appended row: {'timestamp': '2025-04-23 21:28:50', 'price_usd': 93203, 'market_cap_usd': 1850462141335.6218, 'price_change_pct': 0.00014}
Appended row: {'timestamp': '2025-04-23 21:29:51', 'price_usd': 93222, 'market_cap_usd': 1850568927139.3962, 'price_change_pct': 0.0002}
Appended row: {'timestamp': '2025-04-23 21:30:51', 'price_usd': 93222, 'market_cap_usd': 1850568927139.3962, 'price_change_pct': 0.0}
Appended row: {'timestamp': '2025-04-23 21:31:51', 'price_usd': 93247, 'market_cap_usd': 1850568927139.3962, 'price_change_pct': 0.00027}
Appended row: {'timestamp': '2025-04-23 21:32:52', 'price_usd': 93264, 'market_cap_usd': 1851777519933.3384, 'price_change_pct': 0.00018}
Appended row: {'timestamp': '2025-04-23 21:33:52', 'price_usd': 93264, 'market_cap_usd': 1851777519933.3384, 'price_change_pct': 0.0}
Appended row: {'timestamp': '2025-04-23 21:34:52', 'price_usd': 93292, 'market_cap_usd': 1851777519933.3384, 'price_change_pct': 0.0003}
Appended row: {'timestamp': '2025-04-23 21:35:53', 'price_usd': 93294, 'market_cap_usd': 1851777519933.3384, 'price_change_pct': 2e-05}
Appended row: {'timestamp': '2025-04-23 21:36:53', 'price_usd': 93294, 'market_cap_usd': 1851777519933.3384, 'price_change_pct': 0.0}
Appended row: {'timestamp': '2025-04-23 21:37:53', 'price_usd': 93305, 'market_cap_usd': 1852424775396.8372, 'price_change_pct': 0.00012}
Appended row: {'timestamp': '2025-04-23 21:38:53', 'price_usd': 93307, 'market_cap_usd': 1852424775396.8372, 'price_change_pct': 2e-05}
Appended row: {'timestamp': '2025-04-23 21:39:54', 'price_usd': 93330, 'market_cap_usd': 1852424775396.8372, 'price_change_pct': 0.00025}
Appended row: {'timestamp': '2025-04-23 21:40:54', 'price_usd': 93330, 'market_cap_usd': 1852424775396.8372, 'price_change_pct': 0.0}
Appended row: {'timestamp': '2025-04-23 21:41:54', 'price_usd': 93354, 'market_cap_usd': 1853001451847.252, 'price_change_pct': 0.00026}
Appended row: {'timestamp': '2025-04-23 21:42:55', 'price_usd': 93353, 'market_cap_usd': 1853001451847.252, 'price_change_pct': -1e-05}
Appended row: {'timestamp': '2025-04-23 21:43:55', 'price_usd': 93365, 'market_cap_usd': 1853001451847.252, 'price_change_pct': 0.00013}
Appended row: {'timestamp': '2025-04-23 21:44:55', 'price_usd': 93365, 'market_cap_usd': 1853001451847.252, 'price_change_pct': 0.0}
Appended row: {'timestamp': '2025-04-23 21:45:56', 'price_usd': 93416, 'market_cap_usd': 1854578925114.8306, 'price_change_pct': 0.00055}
Appended row: {'timestamp': '2025-04-23 21:46:56', 'price_usd': 93424, 'market_cap_usd': 1854578925114.8306, 'price_change_pct': 9e-05}
Appended row: {'timestamp': '2025-04-23 21:47:56', 'price_usd': 93424, 'market_cap_usd': 1854578925114.8306, 'price_change_pct': 0.0}
Appended row: {'timestamp': '2025-04-23 21:48:56', 'price_usd': 93414, 'market_cap_usd': 1854578925114.8306, 'price_change_pct': -0.00011}
Appended row: {'timestamp': '2025-04-23 21:49:57', 'price_usd': 93420, 'market_cap_usd': 1854527435223.402, 'price_change_pct': 6e-05}
Appended row: {'timestamp': '2025-04-23 21:50:57', 'price_usd': 93454, 'market_cap_usd': 1854527435223.402, 'price_change_pct': 0.00036}
Appended row: {'timestamp': '2025-04-23 21:51:57', 'price_usd': 93454, 'market_cap_usd': 1854527435223.402, 'price_change_pct': 0.0}
Appended row: {'timestamp': '2025-04-23 21:52:58', 'price_usd': 93458, 'market_cap_usd': 1854527435223.402, 'price_change_pct': 4e-05}
Appended row: {'timestamp': '2025-04-23 21:53:58', 'price_usd': 93462, 'market_cap_usd': 1855647621304.174, 'price_change_pct': 4e-05}
Appended row: {'timestamp': '2025-04-23 21:54:58', 'price_usd': 93470, 'market_cap_usd': 1855647621304.174, 'price_change_pct': 9e-05}
Appended row: {'timestamp': '2025-04-23 21:55:58', 'price_usd': 93470, 'market_cap_usd': 1855647621304.174, 'price_change_pct': 0.0}
Appended row: {'timestamp': '2025-04-23 21:56:59', 'price_usd': 93495, 'market_cap_usd': 1855647621304.174, 'price_change_pct': 0.00027}
Appended row: {'timestamp': '2025-04-23 21:57:59', 'price_usd': 93520, 'market_cap_usd': 1856367929839.5432, 'price_change_pct': 0.00027}
Appended row: {'timestamp': '2025-04-23 21:58:59', 'price_usd': 93520, 'market_cap_usd': 1856367929839.5432, 'price_change_pct': 0.0}
Appended row: {'timestamp': '2025-04-23 22:00:00', 'price_usd': 93519, 'market_cap_usd': 1856367929839.5432, 'price_change_pct': -1e-05}
Appended row: {'timestamp': '2025-04-23 22:01:00', 'price_usd': 93542, 'market_cap_usd': 1857313198799.906, 'price_change_pct': 0.00025}
Appended row: {'timestamp': '2025-04-23 22:02:00', 'price_usd': 93542, 'market_cap_usd': 1857313198799.906, 'price_change_pct': 0.0}
Appended row: {'timestamp': '2025-04-23 22:03:00', 'price_usd': 93561, 'market_cap_usd': 1857313198799.906, 'price_change_pct': 0.0002}
Appended row: {'timestamp': '2025-04-23 22:04:01', 'price_usd': 93520, 'market_cap_usd': 1857313198799.906, 'price_change_pct': -0.00044}
Appended row: {'timestamp': '2025-04-23 22:05:01', 'price_usd': 93520, 'market_cap_usd': 1857313198799.906, 'price_change_pct': 0.0}
Appended row: {'timestamp': '2025-04-23 22:06:01', 'price_usd': 93495, 'market_cap_usd': 1856387330257.8762, 'price_change_pct': -0.00027}
Appended row: {'timestamp': '2025-04-23 22:07:02', 'price_usd': 93495, 'market_cap_usd': 1856387330257.8762, 'price_change_pct': 0.0}
Appended row: {'timestamp': '2025-04-23 22:08:02', 'price_usd': 93495, 'market_cap_usd': 1856387330257.8762, 'price_change_pct': 0.0}
Appended row: {'timestamp': '2025-04-23 22:09:02', 'price_usd': 93461, 'market_cap_usd': 1855691554788.2693, 'price_change_pct': -0.00036}
Appended row: {'timestamp': '2025-04-23 22:10:03', 'price_usd': 93453, 'market_cap_usd': 1855691554788.2693, 'price_change_pct': -9e-05}
Appended row: {'timestamp': '2025-04-23 22:11:03', 'price_usd': 93453, 'market_cap_usd': 1855691554788.2693, 'price_change_pct': 0.0}
Appended row: {'timestamp': '2025-04-23 22:12:03', 'price_usd': 93462, 'market_cap_usd': 1855691554788.2693, 'price_change_pct': 0.0001}
Appended row: {'timestamp': '2025-04-23 22:13:04', 'price_usd': 93470, 'market_cap_usd': 1855882607862.3154, 'price_change_pct': 9e-05}
Appended row: {'timestamp': '2025-04-23 22:14:04', 'price_usd': 93470, 'market_cap_usd': 1855882607862.3154, 'price_change_pct': 0.0}
Appended row: {'timestamp': '2025-04-23 22:15:04', 'price_usd': 93493, 'market_cap_usd': 1855882607862.3154, 'price_change_pct': 0.00025}
Appended row: {'timestamp': '2025-04-23 22:16:05', 'price_usd': 93510, 'market_cap_usd': 1855882607862.3154, 'price_change_pct': 0.00018}
Appended row: {'timestamp': '2025-04-23 22:17:05', 'price_usd': 93539, 'market_cap_usd': 1855882607862.3154, 'price_change_pct': 0.00031}
Appended row: {'timestamp': '2025-04-23 22:18:05', 'price_usd': 93539, 'market_cap_usd': 1855882607862.3154, 'price_change_pct': 0.0}
Appended row: {'timestamp': '2025-04-23 22:19:05', 'price_usd': 93616, 'market_cap_usd': 1857394305126.7544, 'price_change_pct': 0.00082}
Appended row: {'timestamp': '2025-04-23 22:20:06', 'price_usd': 93605, 'market_cap_usd': 1857394305126.7544, 'price_change_pct': -0.00012}
Appended row: {'timestamp': '2025-04-23 22:21:06', 'price_usd': 93561, 'market_cap_usd': 1857675386387.8428, 'price_change_pct': -0.00047}
Appended row: {'timestamp': '2025-04-23 22:22:06', 'price_usd': 93561, 'market_cap_usd': 1857675386387.8428, 'price_change_pct': 0.0}
Appended row: {'timestamp': '2025-04-23 22:23:07', 'price_usd': 93564, 'market_cap_usd': 1857675386387.8428, 'price_change_pct': 3e-05}
Appended row: {'timestamp': '2025-04-23 22:24:07', 'price_usd': 93532, 'market_cap_usd': 1857675386387.8428, 'price_change_pct': -0.00034}
Appended row: {'timestamp': '2025-04-23 22:25:07', 'price_usd': 93532, 'market_cap_usd': 1857675386387.8428, 'price_change_pct': 0.0}
Appended row: {'timestamp': '2025-04-23 22:26:07', 'price_usd': 93488, 'market_cap_usd': 1856541770113.3337, 'price_change_pct': -0.00047}
Appended row: {'timestamp': '2025-04-23 22:27:08', 'price_usd': 93463, 'market_cap_usd': 1856541770113.3337, 'price_change_pct': -0.00027}
Appended row: {'timestamp': '2025-04-23 22:28:08', 'price_usd': 93463, 'market_cap_usd': 1856541770113.3337, 'price_change_pct': 0.0}
Appended row: {'timestamp': '2025-04-23 22:29:08', 'price_usd': 93489, 'market_cap_usd': 1856260227641.4548, 'price_change_pct': 0.00028}
Appended row: {'timestamp': '2025-04-23 22:30:09', 'price_usd': 93495, 'market_cap_usd': 1856260227641.4548, 'price_change_pct': 6e-05}
Appended row: {'timestamp': '2025-04-23 22:31:09', 'price_usd': 93495, 'market_cap_usd': 1856260227641.4548, 'price_change_pct': 0.0}
Appended row: {'timestamp': '2025-04-23 22:32:09', 'price_usd': 93499, 'market_cap_usd': 1856260227641.4548, 'price_change_pct': 4e-05}
