#0 building with "default" instance using docker driver

#1 [internal] load build definition from Dockerfile
#1 transferring dockerfile: 1.29kB done
#1 DONE 0.0s

#2 [internal] load metadata for docker.io/library/ubuntu:20.04
#2 DONE 0.2s

#3 [internal] load .dockerignore
#3 transferring context: 2B done
#3 DONE 0.0s

#4 [ 1/15] FROM docker.io/library/ubuntu:20.04@sha256:8feb4d8ca5354def3d8fce243717141ce31e2c428701f6682bd2fafe15388214
#4 DONE 0.0s

#5 [internal] load build context
#5 transferring context: 2.42kB done
#5 DONE 0.0s

#6 [ 7/15] RUN pip3 install     ipython     tornado==6.1     jupyter-client==7.3.2     jupyter-contrib-core     jupyter-contrib-nbextensions     psycopg2-binary     yapf
#6 CACHED

#7 [ 9/15] ADD install_jupyter_extensions.sh /install
#7 CACHED

#8 [ 5/15] RUN apt install -y --no-install-recommends     python3     python3-pip     python3-dev
#8 CACHED

#9 [ 6/15] RUN python3 -m pip install --upgrade pip
#9 CACHED

#10 [ 8/15] RUN mkdir /install
#10 CACHED

#11 [ 2/15] RUN apt-get -y update
#11 CACHED

#12 [14/15] ADD version.sh /install/
#12 CACHED

#13 [ 4/15] RUN apt install -y --no-install-recommends     sudo     curl     systemctl     gnupg     git     vim
#13 CACHED

#14 [11/15] ADD etc_sudoers /install/
#14 CACHED

#15 [ 3/15] RUN apt-get -y upgrade
#15 CACHED

#16 [10/15] RUN /install/install_jupyter_extensions.sh
#16 CACHED

#17 [12/15] COPY etc_sudoers /etc/sudoers
#17 CACHED

#18 [13/15] COPY bashrc /root/.bashrc
#18 CACHED

#19 [15/15] RUN /install/version.sh 2>&1 | tee version.log
#19 CACHED

#20 exporting to image
#20 exporting layers done
#20 writing image sha256:93f4e06353ac967855d13842d9a3170e25d03fc420c9e5ae707a7f869f8d82cc done
#20 naming to docker.io/umd_data605/umd_data605_template done
#20 DONE 0.0s
