#0 building with "default" instance using docker driver

#1 [internal] load build definition from Dockerfile
#1 transferring dockerfile: 1.33kB done
#1 DONE 0.0s

#2 [internal] load metadata for docker.io/library/ubuntu:20.04
#2 DONE 0.0s

#3 [internal] load .dockerignore
#3 transferring context: 2B done
#3 DONE 0.0s

#4 [ 1/15] FROM docker.io/library/ubuntu:20.04@sha256:8feb4d8ca5354def3d8fce243717141ce31e2c428701f6682bd2fafe15388214
#4 resolve docker.io/library/ubuntu:20.04@sha256:8feb4d8ca5354def3d8fce243717141ce31e2c428701f6682bd2fafe15388214 done
#4 DONE 0.0s

#5 [internal] load build context
#5 transferring context: 253B done
#5 DONE 0.0s

#6 [ 5/15] RUN apt install -y --no-install-recommends     python3     python3-pip     python3-dev
#6 CACHED

#7 [ 3/15] RUN apt-get -y upgrade
#7 CACHED

#8 [ 6/15] RUN python3 -m pip install --upgrade pip
#8 CACHED

#9 [ 4/15] RUN apt install -y --no-install-recommends     sudo     curl     systemctl     gnupg     git     vim
#9 CACHED

#10 [ 8/15] RUN mkdir /install
#10 CACHED

#11 [ 7/15] RUN pip3 install     ipython     tornado==6.1     jupyter-client==7.3.2     jupyter-contrib-core     jupyter-contrib-nbextensions     psycopg2-binary     yapf
#11 CACHED

#12 [ 9/15] ADD install_jupyter_extensions.sh /install
#12 ERROR: failed to calculate checksum of ref x4wk7dlcwf9z91h6dw30f99j5::pyuefkwgzolxfvac9fhxk2was: "/install_jupyter_extensions.sh": not found

#13 [10/15] RUN /install/install_jupyter_extensions.sh
#13 CACHED

#14 [13/15] COPY bashrc /root/.bashrc
#14 ERROR: failed to calculate checksum of ref x4wk7dlcwf9z91h6dw30f99j5::pyuefkwgzolxfvac9fhxk2was: "/bashrc": not found

#15 [12/15] COPY etc_sudoers /etc/sudoers
#15 ERROR: failed to calculate checksum of ref x4wk7dlcwf9z91h6dw30f99j5::pyuefkwgzolxfvac9fhxk2was: "/etc_sudoers": not found

#16 [11/15] ADD etc_sudoers /install/
#16 ERROR: failed to calculate checksum of ref x4wk7dlcwf9z91h6dw30f99j5::pyuefkwgzolxfvac9fhxk2was: "/etc_sudoers": not found

#17 [ 2/15] RUN apt-get -y update
#17 CANCELED
------
 > [ 9/15] ADD install_jupyter_extensions.sh /install:
------
------
 > [11/15] ADD etc_sudoers /install/:
------
------
 > [12/15] COPY etc_sudoers /etc/sudoers:
------
------
 > [13/15] COPY bashrc /root/.bashrc:
------
Dockerfile:48
--------------------
  46 |     ADD etc_sudoers /install/
  47 |     COPY etc_sudoers /etc/sudoers
  48 | >>> COPY bashrc /root/.bashrc
  49 |     
  50 |     # Report package versions.
--------------------
ERROR: failed to solve: failed to compute cache key: failed to calculate checksum of ref x4wk7dlcwf9z91h6dw30f99j5::pyuefkwgzolxfvac9fhxk2was: "/bashrc": not found
