#0 building with "desktop-linux" instance using docker driver

#1 [internal] load build definition from Dockerfile
#1 transferring dockerfile: 1.29kB done
#1 DONE 0.0s

#2 [auth] library/ubuntu:pull token for registry-1.docker.io
#2 DONE 0.0s

#3 [internal] load metadata for docker.io/library/ubuntu:20.04
#3 DONE 0.4s

#4 [internal] load .dockerignore
#4 transferring context: 2B done
#4 DONE 0.0s

#5 [ 1/15] FROM docker.io/library/ubuntu:20.04@sha256:8e5c4f0285ecbb4ead070431d29b576a530d3166df73ec44affc1cd27555141b
#5 DONE 0.0s

#6 [internal] load build context
#6 transferring context: 2.42kB done
#6 DONE 0.0s

#7 [10/15] RUN /install/install_jupyter_extensions.sh
#7 CACHED

#8 [ 2/15] RUN apt-get -y update
#8 CACHED

#9 [14/15] ADD version.sh /install/
#9 CACHED

#10 [ 4/15] RUN apt install -y --no-install-recommends     sudo     curl     systemctl     gnupg     git     vim
#10 CACHED

#11 [ 9/15] ADD install_jupyter_extensions.sh /install
#11 CACHED

#12 [ 5/15] RUN apt install -y --no-install-recommends     python3     python3-pip     python3-dev
#12 CACHED

#13 [ 8/15] RUN mkdir /install
#13 CACHED

#14 [ 3/15] RUN apt-get -y upgrade
#14 CACHED

#15 [11/15] ADD etc_sudoers /install/
#15 CACHED

#16 [ 7/15] RUN pip3 install     ipython     tornado==6.1     jupyter-client==7.3.2     jupyter-contrib-core     jupyter-contrib-nbextensions     psycopg2-binary     yapf
#16 CACHED

#17 [12/15] COPY etc_sudoers /etc/sudoers
#17 CACHED

#18 [ 6/15] RUN python3 -m pip install --upgrade pip
#18 CACHED

#19 [13/15] COPY bashrc /root/.bashrc
#19 CACHED

#20 [15/15] RUN /install/version.sh 2>&1 | tee version.log
#20 CACHED

#21 exporting to image
#21 exporting layers done
#21 writing image sha256:8ad65863fba8bb2bf6304ec5becbc293c3819aeb3f19376d7c658f1d38ef7cd3 done
#21 naming to docker.io/pmodi08/umd_data605_template done
#21 DONE 0.0s
